// Jest Snapshot v1, https://goo.gl/fbAQLP

exports[`App Component should redenders properly 1`] = `
ShallowWrapper {
  "length": 1,
  Symbol(enzyme.__root__): [Circular],
  Symbol(enzyme.__unrendered__): <App />,
  Symbol(enzyme.__renderer__): Object {
    "batchedUpdates": [Function],
    "getNode": [Function],
    "render": [Function],
    "simulateEvent": [Function],
    "unmount": [Function],
  },
  Symbol(enzyme.__node__): Object {
    "instance": null,
    "key": undefined,
    "nodeType": "host",
    "props": Object {
      "children": Array [
        <Connect(Header) />,
        <Router />,
        <Connect(ReduxToastr)
          newestOnTop={false}
          position="top-left"
          preventDuplicates={true}
          progressBar={true}
          timeOut={4000}
          transitionIn="fadeIn"
          transitionOut="fadeOut"
/>,
      ],
    },
    "ref": null,
    "rendered": Array [
      Object {
        "instance": null,
        "key": undefined,
        "nodeType": "class",
        "props": Object {},
        "ref": null,
        "rendered": null,
        "type": [Function],
      },
      Object {
        "instance": null,
        "key": undefined,
        "nodeType": "function",
        "props": Object {},
        "ref": null,
        "rendered": null,
        "type": [Function],
      },
      Object {
        "instance": null,
        "key": undefined,
        "nodeType": "class",
        "props": Object {
          "newestOnTop": false,
          "position": "top-left",
          "preventDuplicates": true,
          "progressBar": true,
          "timeOut": 4000,
          "transitionIn": "fadeIn",
          "transitionOut": "fadeOut",
        },
        "ref": null,
        "rendered": null,
        "type": [Function],
      },
    ],
    "type": "div",
  },
  Symbol(enzyme.__nodes__): Array [
    Object {
      "instance": null,
      "key": undefined,
      "nodeType": "host",
      "props": Object {
        "children": Array [
          <Connect(Header) />,
          <Router />,
          <Connect(ReduxToastr)
            newestOnTop={false}
            position="top-left"
            preventDuplicates={true}
            progressBar={true}
            timeOut={4000}
            transitionIn="fadeIn"
            transitionOut="fadeOut"
/>,
        ],
      },
      "ref": null,
      "rendered": Array [
        Object {
          "instance": null,
          "key": undefined,
          "nodeType": "class",
          "props": Object {},
          "ref": null,
          "rendered": null,
          "type": [Function],
        },
        Object {
          "instance": null,
          "key": undefined,
          "nodeType": "function",
          "props": Object {},
          "ref": null,
          "rendered": null,
          "type": [Function],
        },
        Object {
          "instance": null,
          "key": undefined,
          "nodeType": "class",
          "props": Object {
            "newestOnTop": false,
            "position": "top-left",
            "preventDuplicates": true,
            "progressBar": true,
            "timeOut": 4000,
            "transitionIn": "fadeIn",
            "transitionOut": "fadeOut",
          },
          "ref": null,
          "rendered": null,
          "type": [Function],
        },
      ],
      "type": "div",
    },
  ],
  Symbol(enzyme.__options__): Object {
    "adapter": ReactSixteenAdapter {
      "options": Object {
        "enableComponentDidUpdateOnSetState": true,
      },
    },
    "disableLifecycleMethods": true,
  },
}
`;
